POBLACION total_count=148 desde=2026-09-17T16:00:00Z
TRAIDOS runs=148
meta-guard por conclusion: {"cancelled":112,"success":7,"failure":21,"SIN_JOB":8}
MUDO? 35330089811 105552194145 2026-09-18T09:32:46Z scrum-949-el-suelo-como-cociente 03a54c39e5
MUDO? 35321320040 105524228237 2026-09-18T07:49:43Z main 0ed838e6b9
MUDO? 35318441517 105515283222 2026-09-18T07:13:58Z main 27a7fb8b37
MUDO? 35317804332 105513207771 2026-09-18T07:05:39Z scrum-906d-consolidado 558f6b446d
MUDO? 35317407798 105512073763 2026-09-18T07:00:36Z main ecccf94e8c
MUDO? 35276934560 105389707486 2026-09-17T21:29:14Z main 16733a223b
MUDO? 35274322572 105381097966 2026-09-17T21:01:54Z scrum-524-la-tabla-de-comprobacion 61d356c292
MUDO? 35274153393 105380552726 2026-09-17T21:00:16Z scrum-939-afirmaciones-de-las-skills e8916fcdde
MUDO? 35268578679 105361851557 2026-09-17T20:04:04Z scrum-920-prototipo 2ebc69b3c5
MUDO? 35267463023 105358095585 2026-09-17T19:52:38Z scrum-916-prototipo b5a1323133
MUDO? 35265064950 105350059727 2026-09-17T19:28:12Z scrum-812b-el-rotulo-honesto 1d928357c0
MUDO? 35265045829 105349996678 2026-09-17T19:28:00Z scrum-813-el-trinquete-de-zona-horaria 4c0e012c30
MUDO? 35264988198 105349799181 2026-09-17T19:27:24Z scrum-928b-el-veredicto-que-el-color-tapa 3c9b27acab
MUDO? 35263737463 105345584293 2026-09-17T19:14:54Z scrum-899-docs-relevo-de-sesion b0f72985bb
MUDO? 35263365386 105344332673 2026-09-17T19:11:12Z scrum-919b-pad-sin-red fc17a36404
MUDO? 35260640861 105335327667 2026-09-17T18:44:18Z main 71c845c92c
MUDO? 35260576817 105334969018 2026-09-17T18:43:40Z scrum-907-cobrado-de-mas 4e82b942bf
MUDO? 35260031508 105333144848 2026-09-17T18:38:14Z scrum-906b-matriz-competencia 492fce89b1
MUDO? 35259057113 105330229096 2026-09-17T18:28:43Z main f52ff943e5
MUDO? 35258459223 105327889092 2026-09-17T18:22:46Z scrum-864c-el-censo-de-hoy 8db2059e1f
MUDO? 35245187285 105283463824 2026-09-17T16:12:58Z scrum-678-los-webhooks-sin-secreto fefda1fe88
EXIT=0
