POBLACION jobs meta-guard failure=21 de runs=148

== 35330089811 job 105552194145 2026-09-18T09:32:46Z scrum-949-el-suelo-como-cociente 03a54c39e5
   vivas 285 · mudas 1 · ciegas 0 · ficheros muertos 0 | ##[error]Process completed with exit code 1.
    · scrum859-identidad-y-motivo-cerrado.test.mjs · el guard NO cayó. Test que debía ponerse rojo: «SCRUM-859 · 🔴 insertar una entrada en medio NO mueve ninguna clave»
    → en la pasada MUTADA ese test: NO APARECE en la pasada mutada (evento perdido, fichero muerto a medias, o el título cambió). Recuento: 9 pasados · 7 caídos · 0 saltados. Y en la LIMPIA: 20 pasados · 0 caídos.

== 35321320040 job 105524228237 2026-09-18T07:49:43Z main 0ed838e6b9
   vivas 274 · mudas 1 · ciegas 0 · ficheros muertos 0 | ##[error]Process completed with exit code 1.
    · scrum864c-el-temporal-no-vuelve.test.mjs · el guard NO cayó. Test que debía ponerse rojo: «🔴 ① CASO CONOCIDO: el censo distingue las cinco formas que le pongo delante, y no acusa a quien limpia»
    → en la pasada MUTADA ese test: PASÓ (corrió y no falló). Recuento: 3 pasados · 0 caídos · 0 saltados. Y en la LIMPIA: 3 pasados · 0 caídos.

== 35318441517 job 105515283222 2026-09-18T07:13:58Z main 27a7fb8b37
   vivas 274 · mudas 1 · ciegas 0 · ficheros muertos 0 | ##[error]Process completed with exit code 1.
    · scrum864c-el-temporal-no-vuelve.test.mjs · el guard NO cayó. Test que debía ponerse rojo: «🔴 ① CASO CONOCIDO: el censo distingue las cinco formas que le pongo delante, y no acusa a quien limpia»
    → en la pasada MUTADA ese test: PASÓ (corrió y no falló). Recuento: 3 pasados · 0 caídos · 0 saltados. Y en la LIMPIA: 3 pasados · 0 caídos.

== 35317804332 job 105513207771 2026-09-18T07:05:39Z scrum-906d-consolidado 558f6b446d
   vivas 274 · mudas 1 · ciegas 0 · ficheros muertos 0 | ##[error]Process completed with exit code 1.
    · scrum864c-el-temporal-no-vuelve.test.mjs · el guard NO cayó. Test que debía ponerse rojo: «🔴 ① CASO CONOCIDO: el censo distingue las cinco formas que le pongo delante, y no acusa a quien limpia»
    → en la pasada MUTADA ese test: PASÓ (corrió y no falló). Recuento: 3 pasados · 0 caídos · 0 saltados. Y en la LIMPIA: 3 pasados · 0 caídos.

== 35317407798 job 105512073763 2026-09-18T07:00:36Z main ecccf94e8c
   vivas 274 · mudas 1 · ciegas 0 · ficheros muertos 0 | ##[error]Process completed with exit code 1.
    · scrum864c-el-temporal-no-vuelve.test.mjs · el guard NO cayó. Test que debía ponerse rojo: «🔴 ① CASO CONOCIDO: el censo distingue las cinco formas que le pongo delante, y no acusa a quien limpia»
    → en la pasada MUTADA ese test: PASÓ (corrió y no falló). Recuento: 3 pasados · 0 caídos · 0 saltados. Y en la LIMPIA: 3 pasados · 0 caídos.

== 35276934560 job 105389707486 2026-09-17T21:29:14Z main 16733a223b
   vivas 274 · mudas 1 · ciegas 0 · ficheros muertos 0 | ##[error]Process completed with exit code 1.
    · scrum864c-el-temporal-no-vuelve.test.mjs · el guard NO cayó. Test que debía ponerse rojo: «🔴 ① CASO CONOCIDO: el censo distingue las cinco formas que le pongo delante, y no acusa a quien limpia»
    → en la pasada MUTADA ese test: PASÓ (corrió y no falló). Recuento: 3 pasados · 0 caídos · 0 saltados. Y en la LIMPIA: 3 pasados · 0 caídos.

== 35274322572 job 105381097966 2026-09-17T21:01:54Z scrum-524-la-tabla-de-comprobacion 61d356c292
   vivas 272 · mudas 1 · ciegas 0 · ficheros muertos 0 | ##[error]Process completed with exit code 1.
    · scrum864c-el-temporal-no-vuelve.test.mjs · el guard NO cayó. Test que debía ponerse rojo: «🔴 ① CASO CONOCIDO: el censo distingue las cinco formas que le pongo delante, y no acusa a quien limpia»
    → en la pasada MUTADA ese test: PASÓ (corrió y no falló). Recuento: 3 pasados · 0 caídos · 0 saltados. Y en la LIMPIA: 3 pasados · 0 caídos.

== 35274153393 job 105380552726 2026-09-17T21:00:16Z scrum-939-afirmaciones-de-las-skills e8916fcdde
   vivas 272 · mudas 1 · ciegas 0 · ficheros muertos 0 | ##[error]Process completed with exit code 1.
    · scrum864c-el-temporal-no-vuelve.test.mjs · el guard NO cayó. Test que debía ponerse rojo: «🔴 ① CASO CONOCIDO: el censo distingue las cinco formas que le pongo delante, y no acusa a quien limpia»
    → en la pasada MUTADA ese test: PASÓ (corrió y no falló). Recuento: 3 pasados · 0 caídos · 0 saltados. Y en la LIMPIA: 3 pasados · 0 caídos.

== 35268578679 job 105361851557 2026-09-17T20:04:04Z scrum-920-prototipo 2ebc69b3c5
   vivas 272 · mudas 1 · ciegas 0 · ficheros muertos 0 | ##[error]Process completed with exit code 1.
    · scrum864c-el-temporal-no-vuelve.test.mjs · el guard NO cayó. Test que debía ponerse rojo: «🔴 ① CASO CONOCIDO: el censo distingue las cinco formas que le pongo delante, y no acusa a quien limpia»
    → en la pasada MUTADA ese test: PASÓ (corrió y no falló). Recuento: 3 pasados · 0 caídos · 0 saltados. Y en la LIMPIA: 3 pasados · 0 caídos.

== 35267463023 job 105358095585 2026-09-17T19:52:38Z scrum-916-prototipo b5a1323133
   vivas 266 · mudas 1 · ciegas 0 · ficheros muertos 0 | ##[error]Process completed with exit code 1.
    · scrum864c-el-temporal-no-vuelve.test.mjs · el guard NO cayó. Test que debía ponerse rojo: «🔴 ① CASO CONOCIDO: el censo distingue las cinco formas que le pongo delante, y no acusa a quien limpia»
    → en la pasada MUTADA ese test: PASÓ (corrió y no falló). Recuento: 3 pasados · 0 caídos · 0 saltados. Y en la LIMPIA: 3 pasados · 0 caídos.

== 35265064950 job 105350059727 2026-09-17T19:28:12Z scrum-812b-el-rotulo-honesto 1d928357c0
   vivas 253 · mudas 1 · ciegas 0 · ficheros muertos 0 | ##[error]Process completed with exit code 1.
    · scrum864c-el-temporal-no-vuelve.test.mjs · el guard NO cayó. Test que debía ponerse rojo: «🔴 ① CASO CONOCIDO: el censo distingue las cinco formas que le pongo delante, y no acusa a quien limpia»
    → en la pasada MUTADA ese test: PASÓ (corrió y no falló). Recuento: 3 pasados · 0 caídos · 0 saltados. Y en la LIMPIA: 3 pasados · 0 caídos.

== 35265045829 job 105349996678 2026-09-17T19:28:00Z scrum-813-el-trinquete-de-zona-horaria 4c0e012c30
   vivas 260 · mudas 1 · ciegas 0 · ficheros muertos 0 | ##[error]Process completed with exit code 1.
    · scrum864c-el-temporal-no-vuelve.test.mjs · el guard NO cayó. Test que debía ponerse rojo: «🔴 ① CASO CONOCIDO: el censo distingue las cinco formas que le pongo delante, y no acusa a quien limpia»
    → en la pasada MUTADA ese test: PASÓ (corrió y no falló). Recuento: 3 pasados · 0 caídos · 0 saltados. Y en la LIMPIA: 3 pasados · 0 caídos.

== 35264988198 job 105349799181 2026-09-17T19:27:24Z scrum-928b-el-veredicto-que-el-color-tapa 3c9b27acab
   vivas 251 · mudas 1 · ciegas 0 · ficheros muertos 0 | ##[error]Process completed with exit code 1.
    · scrum864c-el-temporal-no-vuelve.test.mjs · el guard NO cayó. Test que debía ponerse rojo: «🔴 ① CASO CONOCIDO: el censo distingue las cinco formas que le pongo delante, y no acusa a quien limpia»
    → en la pasada MUTADA ese test: PASÓ (corrió y no falló). Recuento: 3 pasados · 0 caídos · 0 saltados. Y en la LIMPIA: 3 pasados · 0 caídos.

== 35263737463 job 105345584293 2026-09-17T19:14:54Z scrum-899-docs-relevo-de-sesion b0f72985bb
   vivas 249 · mudas 1 · ciegas 0 · ficheros muertos 0 | ##[error]Process completed with exit code 1.
    · scrum864c-el-temporal-no-vuelve.test.mjs · el guard NO cayó. Test que debía ponerse rojo: «🔴 ① CASO CONOCIDO: el censo distingue las cinco formas que le pongo delante, y no acusa a quien limpia»
    → en la pasada MUTADA ese test: PASÓ (corrió y no falló). Recuento: 3 pasados · 0 caídos · 0 saltados. Y en la LIMPIA: 3 pasados · 0 caídos.

== 35263365386 job 105344332673 2026-09-17T19:11:12Z scrum-919b-pad-sin-red fc17a36404
   vivas 249 · mudas 1 · ciegas 0 · ficheros muertos 0 | ##[error]Process completed with exit code 1.
    · scrum864c-el-temporal-no-vuelve.test.mjs · el guard NO cayó. Test que debía ponerse rojo: «🔴 ① CASO CONOCIDO: el censo distingue las cinco formas que le pongo delante, y no acusa a quien limpia»
    → en la pasada MUTADA ese test: PASÓ (corrió y no falló). Recuento: 3 pasados · 0 caídos · 0 saltados. Y en la LIMPIA: 3 pasados · 0 caídos.

== 35260640861 job 105335327667 2026-09-17T18:44:18Z main 71c845c92c
   vivas 247 · mudas 1 · ciegas 0 · ficheros muertos 0 | ##[error]Process completed with exit code 1.
    · scrum864c-el-temporal-no-vuelve.test.mjs · el guard NO cayó. Test que debía ponerse rojo: «🔴 ① CASO CONOCIDO: el censo distingue las cinco formas que le pongo delante, y no acusa a quien limpia»
    → en la pasada MUTADA ese test: PASÓ (corrió y no falló). Recuento: 3 pasados · 0 caídos · 0 saltados. Y en la LIMPIA: 3 pasados · 0 caídos.

== 35260576817 job 105334969018 2026-09-17T18:43:40Z scrum-907-cobrado-de-mas 4e82b942bf
   vivas 247 · mudas 1 · ciegas 0 · ficheros muertos 0 | ##[error]Process completed with exit code 1.
    · scrum864c-el-temporal-no-vuelve.test.mjs · el guard NO cayó. Test que debía ponerse rojo: «🔴 ① CASO CONOCIDO: el censo distingue las cinco formas que le pongo delante, y no acusa a quien limpia»
    → en la pasada MUTADA ese test: PASÓ (corrió y no falló). Recuento: 3 pasados · 0 caídos · 0 saltados. Y en la LIMPIA: 3 pasados · 0 caídos.

== 35260031508 job 105333144848 2026-09-17T18:38:14Z scrum-906b-matriz-competencia 492fce89b1
   vivas 246 · mudas 2 · ciegas 0 · ficheros muertos 0 | ##[error]Process completed with exit code 1.
    · scrum859-identidad-y-motivo-cerrado.test.mjs · el guard NO cayó. Test que debía ponerse rojo: «SCRUM-859 · 🔴 insertar una entrada en medio NO mueve ninguna clave»
    → en la pasada MUTADA ese test: NO APARECE en la pasada mutada (evento perdido, fichero muerto a medias, o el título cambió). Recuento: 9 pasados · 7 caídos · 0 saltados. Y en la LIMPIA: 20 pasados · 0 caídos.
    · scrum864c-el-temporal-no-vuelve.test.mjs · el guard NO cayó. Test que debía ponerse rojo: «🔴 ① CASO CONOCIDO: el censo distingue las cinco formas que le pongo delante, y no acusa a quien limpia»
    → en la pasada MUTADA ese test: PASÓ (corrió y no falló). Recuento: 3 pasados · 0 caídos · 0 saltados. Y en la LIMPIA: 3 pasados · 0 caídos.

== 35259057113 job 105330229096 2026-09-17T18:28:43Z main f52ff943e5
   vivas 247 · mudas 1 · ciegas 0 · ficheros muertos 0 | ##[error]Process completed with exit code 1.
    · scrum864c-el-temporal-no-vuelve.test.mjs · el guard NO cayó. Test que debía ponerse rojo: «🔴 ① CASO CONOCIDO: el censo distingue las cinco formas que le pongo delante, y no acusa a quien limpia»

== 35258459223 job 105327889092 2026-09-17T18:22:46Z scrum-864c-el-censo-de-hoy 8db2059e1f
   vivas 246 · mudas 2 · ciegas 0 · ficheros muertos 0 | ##[error]Process completed with exit code 1.
    · scrum859-identidad-y-motivo-cerrado.test.mjs · el guard NO cayó. Test que debía ponerse rojo: «SCRUM-859 · 🔴 insertar una entrada en medio NO mueve ninguna clave»
    → en la pasada MUTADA ese test: NO APARECE en la pasada mutada (evento perdido, fichero muerto a medias, o el título cambió). Recuento: 9 pasados · 7 caídos · 0 saltados. Y en la LIMPIA: 20 pasados · 0 caídos.
    · scrum864c-el-temporal-no-vuelve.test.mjs · el guard NO cayó. Test que debía ponerse rojo: «🔴 ① CASO CONOCIDO: el censo distingue las cinco formas que le pongo delante, y no acusa a quien limpia»
    → en la pasada MUTADA ese test: PASÓ (corrió y no falló). Recuento: 3 pasados · 0 caídos · 0 saltados. Y en la LIMPIA: 3 pasados · 0 caídos.

== 35245187285 job 105283463824 2026-09-17T16:12:58Z scrum-678-los-webhooks-sin-secreto fefda1fe88
   vivas 245 · mudas 1 · ciegas 0 · ficheros muertos 0 | ##[error]Process completed with exit code 1.
    · scrum859-identidad-y-motivo-cerrado.test.mjs · el guard NO cayó. Test que debía ponerse rojo: «SCRUM-859 · 🔴 insertar una entrada en medio NO mueve ninguna clave»
    → en la pasada MUTADA ese test: NO APARECE en la pasada mutada (evento perdido, fichero muerto a medias, o el título cambió). Recuento: 9 pasados · 7 caídos · 0 saltados. Y en la LIMPIA: 20 pasados · 0 caídos.

EXIT=0
