POBLACION jobs meta-guard con job=140
gh: HTTP 404
{
 "timeout m2=null": 51,
 "concurrencia m2=null": 39,
 "timeout m2=VIVA": 16,
 "success m2=VIVA": 7,
 "timeout m2=MUDA": 4,
 "failure m2=MUDA": 4,
 "failure m2=VIVA": 17,
 "concurrencia m2=VIVA": 1,
 "ciego m2=undefined": 1
}
mut2 medida en 49 jobs: VIVA=41 MUDA=8
mut1 medida en 50 jobs: MUDA=0
{
 "VIVA scrum859-identidad-y-motivo-cerrado.test.mjs · SCRUM-859 · 🔴 insertar una entrada en medio NO mueve ninguna clave   (+7 test(s) más ca": 41,
 "✖ scrum859-identidad-y-motivo-cerrado.test.mjs · MUDO": 8
}
MUDA 2026-09-18T11:42:22Z 35340947864 scrum-899-aviso-de-uso aaa2ec2b4d timeout
MUDA 2026-09-18T09:32:46Z 35330089811 scrum-949-el-suelo-como-cociente 03a54c39e5 failure
MUDA 2026-09-18T07:04:25Z 35317708289 scrum-929-el-total-sin-iva 54c961ca7e timeout
MUDA 2026-09-17T20:20:24Z 35270205450 scrum-936 8c8f5467bf timeout
MUDA 2026-09-17T18:38:14Z 35260031508 scrum-906b-matriz-competencia 492fce89b1 failure
MUDA 2026-09-17T18:22:46Z 35258459223 scrum-864c-el-censo-de-hoy 8db2059e1f failure
MUDA 2026-09-17T16:22:23Z 35246168583 main adaef3c4ae timeout
MUDA 2026-09-17T16:12:58Z 35245187285 scrum-678-los-webhooks-sin-secreto fefda1fe88 failure
EXIT=0
